Command 'Run' not found, did you mean:
  command 'zun' from deb python3-zunclient (4.7.0-0ubuntu1)
Try: sudo apt install <deb name>
